// Jest Snapshot v1, https://goo.gl/fbAQLP

exports[`GithubDeviceAuthModal snapshots renders 1`] = `
.c1 {
  display: -webkit-box;
  display: -webkit-flex;
  display: -ms-flexbox;
  display: flex;
  -webkit-flex-direction: row;
  -ms-flex-direction: row;
  flex-direction: row;
  -webkit-align-items: start;
  -webkit-box-align: start;
  -ms-flex-align: start;
  align-items: start;
  -webkit-box-pack: center;
  -webkit-justify-content: center;
  -ms-flex-pack: center;
  justify-content: center;
  width: 100%;
}

.c9 {
  display: -webkit-box;
  display: -webkit-flex;
  display: -ms-flexbox;
  display: flex;
  -webkit-flex-direction: row;
  -ms-flex-direction: row;
  flex-direction: row;
  -webkit-align-items: start;
  -webkit-box-align: start;
  -ms-flex-align: start;
  align-items: start;
  width: 100%;
  -webkit-box-pack: end;
  -webkit-justify-content: flex-end;
  -ms-flex-pack: end;
  justify-content: flex-end;
}

.c6 {
  display: -webkit-box;
  display: -webkit-flex;
  display: -ms-flexbox;
  display: flex;
  -webkit-flex-direction: row;
  -ms-flex-direction: row;
  flex-direction: row;
  -webkit-align-items: center;
  -webkit-box-align: center;
  -ms-flex-align: center;
  align-items: center;
}

.c5 {
  font-family: 'proxima-nova',Helvetica,Arial,sans-serif;
  font-size: 32px;
  font-weight: 400;
  text-transform: none;
  font-style: normal;
}

.c8 svg {
  fill: !important;
  height: 16px;
  width: 16px;
}

.c8 .c4 {
  margin-left: 4px;
}

.c0 {
  background-color: #fff;
  margin: 0 auto;
  max-width: 540px;
  padding: 16px 32px;
  -webkit-transform: translate(0,50%);
  -ms-transform: translate(0,50%);
  transform: translate(0,50%);
}

.c3 {
  padding: 8px 0;
}

.c2 .c7 {
  margin-left: 8px;
}

<div
  aria-describedby="simple-modal-description"
  aria-labelledby="simple-modal-title"
  role="presentation"
  style="position: fixed; z-index: 1300; right: 0px; bottom: 0px; top: 0px; left: 0px;"
>
  <div
    aria-hidden="true"
    style="z-index: -1; position: fixed; right: 0px; bottom: 0px; top: 0px; left: 0px; background-color: rgba(0, 0, 0, 0.5);"
  />
  <div
    data-test="sentinelStart"
    tabindex="0"
  />
  <div
    class="c0"
    tabindex="-1"
  >
    <h2
      id="simple-modal-title"
    >
      Authenticate with Github
    </h2>
    <p
      id="simple-modal-description"
    >
      Weave GitOps needs to authenitcate with the Git Provider for the ssh://example.com/user/repo.git repo
    </p>
    <div>
      <p>
        Paste this code into the Github Device Activation field to grant Weave GitOps temporary access:
      </p>
      <div
        class="c1"
      >
        <div
          class="c2"
        >
          <div
            class="c1 c3"
          >
            <span
              class="c4 c5"
            />
          </div>
          <div
            class="c1 c3"
          >
            <a
              target="_blank"
            >
              <button
                class="MuiButtonBase-root MuiButton-root MuiButton-contained MuiButton-containedPrimary"
                tabindex="0"
                type="button"
              >
                <span
                  class="MuiButton-label"
                >
                  <div
                    class="c6"
                  >
                    Authorize Github Access
                     
                    <div
                      class="c6 c7 c8"
                    >
                      <svg
                        aria-hidden="true"
                        class="MuiSvgIcon-root"
                        focusable="false"
                        viewBox="0 0 24 24"
                      >
                        <path
                          d="M19 19H5V5h7V3H5c-1.11 0-2 .9-2 2v14c0 1.1.89 2 2 2h14c1.1 0 2-.9 2-2v-7h-2v7zM14 3v2h3.59l-9.83 9.83 1.41 1.41L19 6.41V10h2V3h-7z"
                        />
                      </svg>
                    </div>
                  </div>
                </span>
                <span
                  class="MuiTouchRipple-root"
                />
              </button>
            </a>
          </div>
          <div
            class="c1 c3"
          />
        </div>
      </div>
    </div>
    <div
      class="c9"
    >
      <button
        class="MuiButtonBase-root MuiButton-root MuiButton-contained"
        tabindex="0"
        type="button"
      >
        <span
          class="MuiButton-label"
        >
          Close
        </span>
        <span
          class="MuiTouchRipple-root"
        />
      </button>
    </div>
  </div>
  <div
    data-test="sentinelEnd"
    tabindex="0"
  />
</div>
`;
